{1, 2, 3} : set ℕ
{1} : set ℕ
∅ : set ℕ
def s1 : set ℕ :=
{1, 2 + 3, 3, 4}
def s2 : set char :=
{'a', 'b', 'c'}
def s3 : set string :=
{"hello", "world"}
{a ∈ s1 | 1 < a} : set ℕ
{a ∈ s1 | 1 < a} : set ℕ
{a in s1 | 2 < a} : set nat
{a, a} : set nat
{a, 1, a} : set nat
{a} : set nat
{a // 0 < a} : Type
