λ (A : Type u_1) [_inst_1 : has_add A] [_inst_2 : has_one A] [_inst_3 : has_lt A] (a : A),
  @has_add.add A _inst_1 a (@has_one.one A _inst_2) :
  Π (A : Type u_1) [_inst_1 : has_add A] [_inst_2 : has_one A] [_inst_3 : has_lt A], A → A
λ (A : Type u_1) [_inst_1 : has_add A] [_inst_2 : has_one A] [_inst_3 : has_lt A] (a : A)
(H : @has_lt.lt A _inst_3 (@has_one.one A _inst_2) a), @has_add.add A _inst_1 a (@has_one.one A _inst_2) :
  Π (A : Type u_1) [_inst_1 : has_add A] [_inst_2 : has_one A] [_inst_3 : has_lt A] (a : A),
    @has_lt.lt A _inst_3 (@has_one.one A _inst_2) a → A
λ (A : Type u_1) [_inst_1 : has_add A] [_inst_2 : has_one A] [_inst_3 : has_lt A] (a : A)
(H₁ : @has_lt.lt A _inst_3 (@has_one.one A _inst_2) a)
(H₂ : @has_lt.lt A _inst_3 a (@bit1 A _inst_2 _inst_1 (@bit0 A _inst_1 (@has_one.one A _inst_2)))),
  @has_add.add A _inst_1 a (@has_one.one A _inst_2) :
  Π (A : Type u_1) [_inst_1 : has_add A] [_inst_2 : has_one A] [_inst_3 : has_lt A] (a : A),
    @has_lt.lt A _inst_3 (@has_one.one A _inst_2) a →
    @has_lt.lt A _inst_3 a (@bit1 A _inst_2 _inst_1 (@bit0 A _inst_1 (@has_one.one A _inst_2))) → A
