3
b : ℕ,
H : 0 < b
⊢ ∀ (a : ℕ), 0 < a → b < a → a = b → true
