{x : ℕ | 0 < x} : set ℕ
{x : ℕ | 0 < x} : set ℕ
{p : ℕ × ℕ | p.snd < p.fst} : set (ℕ × ℕ)
{x | 0 < x} : set ℕ
{x | 0 < x} : set ℕ
{p | p.snd < p.fst} : set (ℕ × ℕ)
